# http://ros.org/doc/groovy/api/catkin/html/user_guide/supposed.html
cmake_minimum_required(VERSION 2.8.3)
project(foo)
# Load catkin and all dependencies required for this package
find_package(catkin REQUIRED)

catkin_package(DEPENDS roscpp std_msgs fltk pkg-config
    INCLUDE_DIRS include
    LIBRARIES ${PROJECT_NAME})

# include_directories(include ${Boost_INCLUDE_DIR} ${catkin_INCLUDE_DIRS})
# CATKIN_MIGRATION: removed during catkin migration
# cmake_minimum_required(VERSION 2.4.6)

# CATKIN_MIGRATION: removed during catkin migration
# include($ENV{ROS_ROOT}/core/rosbuild/rosbuild.cmake)
set(ROS_BUILD_TYPE Release)

# CATKIN_MIGRATION: removed during catkin migration
# rosbuild_init()
generate_messages()
generate_messages()

set(EXECUTABLE_OUTPUT_PATH ${PROJECT_SOURCE_DIR}/bin)


# CATKIN_MIGRATION: removed during catkin migration
# rosbuild_add_boost_directories()

add_executable(robot_pose_ekf
                       src/odom_estimation.cpp
                       src/nonlinearanalyticconditionalgaussianodo.cpp
                       src/odom_estimation_node.cpp)
find_package(Boost REQUIRED COMPONENTS thread)
include_directories(${Boost_INCLUDE_DIRS})
target_link_libraries(robot_pose_ekf ${Boost_LIBRARIES})

## Tests are failing on OSX for an unknown reason
include(CMakeDetermineSystem)
if(CMAKE_SYSTEM_NAME MATCHES "Linux")

  download_test_data(http://somewhere 71ad)
  add_executable(test_robot_pose_ekf test/test_robot_pose_ekf.cpp)
target_link_libraries(test_robot_pose_ekf ${Boost_LIBRARIES})

# CATKIN_MIGRATION: removed during catkin migration
#   rosbuild_add_gtest_build_flags(test_robot_pose_ekf)

# CATKIN_MIGRATION: removed during catkin migration
#   rosbuild_add_rostest(${CMAKE_CURRENT_SOURCE_DIR}/test/test_robot_pose_ekf.launch)

endif(CMAKE_SYSTEM_NAME MATCHES "Linux")

