# http://ros.org/doc/groovy/api/catkin/html/user_guide/supposed.html
cmake_minimum_required(VERSION 2.8.3)
project(foo)
# Load catkin and all dependencies required for this package
find_package(catkin REQUIRED)

catkin_package(
    INCLUDE_DIRS include
    LIBRARIES ${PROJECT_NAME})

# include_directories(include ${Boost_INCLUDE_DIR} ${catkin_INCLUDE_DIRS})

cmake_minimum_required(VERSION 2.4.6)
include($ENV{ROS_ROOT}/core/rosbuild/rosbuild.cmake)
include(FindPkgConfig)
# foo
make_distribution(1.6.6)

# Build Stage
execute_process(COMMAND cmake -E chdir ${PROJECT_SOURCE_DIR} make -f Makefile.stage
                RESULT_VARIABLE _make_failed)
if(_make_failed)
  message(FATAL_ERROR "Build of Stage failed")
endif(_make_failed)

# Find the build flags for Stage
set(ENV{PKG_CONFIG_PATH} "${PROJECT_SOURCE_DIR}/lib64/pkgconfig:${PROJECT_SOURCE_DIR}/lib/pkgconfig:$ENV{PKG_CONFIG_PATH}")
pkg_check_modules(STAGE REQUIRED stage)

# Adding explicit stage include and link directories since pkgconfig may not be correct
# when building for a deb install.
include_directories(${STAGE_INCLUDE_DIRS} ${PROJECT_SOURCE_DIR}/include/Stage-4.1)
link_directories(${STAGE_LIBRARY_DIRS} ${PROJECT_SOURCE_DIR}/lib ${PROJECT_SOURCE_DIR}/lib64)

add_executable(bin/stageros src/stageros.cpp)

find_package(Boost REQUIRED COMPONENTS thread)
include_directories(${Boost_INCLUDE_DIRS})
target_link_libraries(bin/stageros ${Boost_LIBRARIES})
add_dependencies(bin/stageros build_stage)

add_compile_flags(bin/stageros ${STAGE_CFLAGS_OTHERS})
target_link_libraries(bin/stageros ${STAGE_LIBRARIES})
add_link_flags(bin/stageros ${STAGE_LDFLAGS_OTHERS})


add_rostest(test/hztest.xml)
